// Jest Snapshot v1, https://goo.gl/fbAQLP

exports[`Main page component Main renders and matches snapshot 1`] = `
<div>
  <div
    class="sc-kEjbQP gyJgOz"
  >
    <div
      class="sc-iqHYmW dczUNV"
    >
      <div
        class="sc-bdfBQB dycULH"
      >
        <div
          class="sc-gsTEea dRwGRi"
        >
          Order Book
        </div>
        <div>
          <label
            class="sc-hKgJUU TebGZ"
          >
            group:
          </label>
          <select
            class="sc-dlfnuX gNzwCX"
          >
            <option
              value="0.5"
            >
              0.5
            </option>
            <option
              value="1"
            >
              1
            </option>
            <option
              value="2.5"
            >
              2.5
            </option>
          </select>
        </div>
      </div>
      <div
        class="sc-crrszt bRAvch"
      >
        <div
          class="sc-pGacB eBMqEt"
        >
          <div
            class="sc-jSgvzq gacCAu"
          >
            <div
              class="sc-iBPTik tGfiW"
            >
              total
            </div>
            <div
              class="sc-iBPTik tGfiW"
            >
              size
            </div>
            <div
              class="sc-iBPTik tGfiW"
            >
              price
            </div>
          </div>
        </div>
        <div
          class="sc-pGacB eBMqEt"
        >
          <div
            class="sc-jSgvzq gacCAu"
          >
            <div
              class="sc-iBPTik tGfiW"
            >
              price
            </div>
            <div
              class="sc-iBPTik tGfiW"
            >
              size
            </div>
            <div
              class="sc-iBPTik tGfiW"
            >
              total
            </div>
          </div>
        </div>
      </div>
      <div
        class="sc-dQoVA dCRteQ"
      >
        <button
          class="sc-eCstlR gqljiU"
          disabled=""
        >
          Toggle feed
        </button>
        <button
          class="sc-eCstlR cviYRt"
        >
          Start feed
        </button>
      </div>
    </div>
  </div>
</div>
`;
